// Jest Snapshot v1, https://goo.gl/fbAQLP

exports[`Select should have an error 1`] = `"<div class=\\"flex:column\\"><div class=\\"relative\\"><select name=\\"aze\\" style=\\"width: 100%;\\" class=\\"select input--error\\"><option>Hello</option><option>World</option></select><svg width=\\"24\\" height=\\"24\\" xmlns=\\"http://www.w3.org/2000/svg\\" viewBox=\\"0 0 24 24\\" fill=\\"#000\\" class=\\"input-icon\\"><path d=\\"M12 16a1 1 0 0 1-.64-.23l-6-5a1 1 0 1 1 1.28-1.54L12 13.71l5.36-4.32a1 1 0 0 1 1.41.15 1 1 0 0 1-.14 1.46l-6 4.83A1 1 0 0 1 12 16z\\"></path></svg></div><span class=\\"error-message \\">Oh no D:</span></div>"`;

exports[`Select should render 1`] = `"<div class=\\"flex:column\\"><div class=\\"relative\\"><select name=\\"aze\\" style=\\"width: 100%;\\" class=\\"select input\\"><option>Hello</option><option>World</option></select><svg width=\\"24\\" height=\\"24\\" xmlns=\\"http://www.w3.org/2000/svg\\" viewBox=\\"0 0 24 24\\" fill=\\"#000\\" class=\\"input-icon\\"><path d=\\"M12 16a1 1 0 0 1-.64-.23l-6-5a1 1 0 1 1 1.28-1.54L12 13.71l5.36-4.32a1 1 0 0 1 1.41.15 1 1 0 0 1-.14 1.46l-6 4.83A1 1 0 0 1 12 16z\\"></path></svg></div><span class=\\"error-message hidden\\"></span></div>"`;
