// Jest Snapshot v1, https://goo.gl/fbAQLP

exports[`Input should have an error 1`] = `"<div class=\\"flex:column\\"><div class=\\"relative\\"><input class=\\"input--error\\" type=\\"text\\" value=\\"\\"><svg width=\\"24\\" height=\\"24\\" xmlns=\\"http://www.w3.org/2000/svg\\" viewBox=\\"0 0 24 24\\" fill=\\"#000\\" class=\\"input-icon--error\\"><path d=\\"M13.41 12l4.3-4.29a1 1 0 1 0-1.42-1.42L12 10.59l-4.29-4.3a1 1 0 0 0-1.42 1.42l4.3 4.29-4.3 4.29a1 1 0 0 0 0 1.42 1 1 0 0 0 1.42 0l4.29-4.3 4.29 4.3a1 1 0 0 0 1.42 0 1 1 0 0 0 0-1.42z\\"></path></svg></div><span class=\\"error-message \\">Oh no D:</span></div>"`;

exports[`Input should render 1`] = `"<div class=\\"flex:column\\"><div class=\\"relative\\"><input class=\\"input\\" type=\\"text\\" value=\\"\\"></div><span class=\\"error-message hidden\\"></span></div>"`;
